Release 14.7 - xst P.20131013 (nt64)
Copyright (c) 1995-2013 Xilinx, Inc.  All rights reserved.
--> Parameter TMPDIR set to xst/projnav.tmp


Total REAL time to Xst completion: 0.00 secs
Total CPU time to Xst completion: 0.11 secs
 
--> Parameter xsthdpdir set to xst


Total REAL time to Xst completion: 0.00 secs
Total CPU time to Xst completion: 0.11 secs
 
--> Reading design: main_schematic.prj

TABLE OF CONTENTS
  1) Synthesis Options Summary
  2) HDL Compilation
  3) Design Hierarchy Analysis
  4) HDL Analysis
  5) HDL Synthesis
     5.1) HDL Synthesis Report
  6) Advanced HDL Synthesis
     6.1) Advanced HDL Synthesis Report
  7) Low Level Synthesis
  8) Partition Report
  9) Final Report
	9.1) Device utilization summary
	9.2) Partition Resource Summary
	9.3) TIMING REPORT


=========================================================================
*                      Synthesis Options Summary                        *
=========================================================================
---- Source Parameters
Input File Name                    : "main_schematic.prj"
Input Format                       : mixed
Ignore Synthesis Constraint File   : NO

---- Target Parameters
Output File Name                   : "main_schematic"
Output Format                      : NGC
Target Device                      : xc3s500e-4-fg320

---- Source Options
Top Module Name                    : main_schematic
Automatic FSM Extraction           : YES
FSM Encoding Algorithm             : Auto
Safe Implementation                : No
FSM Style                          : LUT
RAM Extraction                     : Yes
RAM Style                          : Auto
ROM Extraction                     : Yes
Mux Style                          : Auto
Decoder Extraction                 : YES
Priority Encoder Extraction        : Yes
Shift Register Extraction          : YES
Logical Shifter Extraction         : YES
XOR Collapsing                     : YES
ROM Style                          : Auto
Mux Extraction                     : Yes
Resource Sharing                   : YES
Asynchronous To Synchronous        : NO
Multiplier Style                   : Auto
Automatic Register Balancing       : No

---- Target Options
Add IO Buffers                     : YES
Global Maximum Fanout              : 100000
Add Generic Clock Buffer(BUFG)     : 24
Register Duplication               : YES
Slice Packing                      : YES
Optimize Instantiated Primitives   : NO
Use Clock Enable                   : Yes
Use Synchronous Set                : Yes
Use Synchronous Reset              : Yes
Pack IO Registers into IOBs        : Auto
Equivalent register Removal        : YES

---- General Options
Optimization Goal                  : Speed
Optimization Effort                : 1
Keep Hierarchy                     : No
Netlist Hierarchy                  : As_Optimized
RTL Output                         : Yes
Global Optimization                : AllClockNets
Read Cores                         : YES
Write Timing Constraints           : NO
Cross Clock Analysis               : NO
Hierarchy Separator                : /
Bus Delimiter                      : <>
Case Specifier                     : Maintain
Slice Utilization Ratio            : 100
BRAM Utilization Ratio             : 100
Verilog 2001                       : YES
Auto BRAM Packing                  : NO
Slice Utilization Ratio Delta      : 5

=========================================================================


=========================================================================
*                          HDL Compilation                              *
=========================================================================
Compiling vhdl file "C:/Users/wojci/xilinx-3e-music-memo/xilinx-3e-music-memo/frequency_generator.vhd" in Library work.
Entity <frequency_generator> compiled.
Entity <frequency_generator> (Architecture <behavioral>) compiled.
Compiling vhdl file "C:/Users/wojci/xilinx-3e-music-memo/xilinx-3e-music-memo/button_keyboard.vhd" in Library work.
Entity <button_keyboard> compiled.
Entity <button_keyboard> (Architecture <behavioral>) compiled.
Compiling vhdl file "C:/Users/wojci/xilinx-3e-music-memo/xilinx-3e-music-memo/main_schematic.vhf" in Library work.
Architecture behavioral of Entity main_schematic is up to date.

=========================================================================
*                     Design Hierarchy Analysis                         *
=========================================================================
Analyzing hierarchy for entity <main_schematic> in library <work> (architecture <behavioral>).

Analyzing hierarchy for entity <frequency_generator> in library <work> (architecture <behavioral>).

Analyzing hierarchy for entity <button_keyboard> in library <work> (architecture <behavioral>).


=========================================================================
*                            HDL Analysis                               *
=========================================================================
Analyzing Entity <main_schematic> in library <work> (Architecture <behavioral>).
WARNING:Xst:2211 - "C:/Users/wojci/xilinx-3e-music-memo/xilinx-3e-music-memo/main_schematic.vhf" line 95: Instantiating black box module <DACWrite>.
Entity <main_schematic> analyzed. Unit <main_schematic> generated.

Analyzing Entity <frequency_generator> in library <work> (Architecture <behavioral>).
Entity <frequency_generator> analyzed. Unit <frequency_generator> generated.

Analyzing Entity <button_keyboard> in library <work> (Architecture <behavioral>).
Entity <button_keyboard> analyzed. Unit <button_keyboard> generated.


=========================================================================
*                           HDL Synthesis                               *
=========================================================================

Performing bidirectional port resolution...

Synthesizing Unit <frequency_generator>.
    Related source file is "C:/Users/wojci/xilinx-3e-music-memo/xilinx-3e-music-memo/frequency_generator.vhd".
WARNING:Xst:647 - Input <reset> is never used. This port will be preserved and left unconnected if it belongs to a top-level block or it belongs to a sub-block and the hierarchy of this sub-block is preserved.
    Register <updateStart> equivalent to <startInternal<0>> has been removed
    Found 32-bit up counter for signal <count>.
    Found 32-bit up counter for signal <modCount>.
    Found 32-bit comparator greatequal for signal <modCount$cmp_ge0000> created at line 52.
    Found 1-bit register for signal <startInternal<0>>.
    Summary:
	inferred   2 Counter(s).
	inferred   1 D-type flip-flop(s).
	inferred   1 Comparator(s).
Unit <frequency_generator> synthesized.


Synthesizing Unit <button_keyboard>.
    Related source file is "C:/Users/wojci/xilinx-3e-music-memo/xilinx-3e-music-memo/button_keyboard.vhd".
    Found 16x16-bit ROM for signal <frequency$mux0001> created at line 52.
    Found 16-bit register for signal <frequency>.
    Summary:
	inferred   1 ROM(s).
	inferred  16 D-type flip-flop(s).
Unit <button_keyboard> synthesized.


Synthesizing Unit <main_schematic>.
    Related source file is "C:/Users/wojci/xilinx-3e-music-memo/xilinx-3e-music-memo/main_schematic.vhf".
Unit <main_schematic> synthesized.


=========================================================================
HDL Synthesis Report

Macro Statistics
# ROMs                                                 : 1
 16x16-bit ROM                                         : 1
# Counters                                             : 2
 32-bit up counter                                     : 2
# Registers                                            : 2
 1-bit register                                        : 1
 16-bit register                                       : 1
# Comparators                                          : 1
 32-bit comparator greatequal                          : 1

=========================================================================

=========================================================================
*                       Advanced HDL Synthesis                          *
=========================================================================

Reading core <DACWrite.ngc>.
Loading core <DACWrite> for timing and area information for instance <XLXI_1>.

Synthesizing (advanced) Unit <button_keyboard>.
INFO:Xst:3034 - In order to maximize performance and save block RAM resources, the small ROM <Mrom_frequency_mux0001> will be implemented on LUT. If you want to force its implementation on block, use option/constraint rom_style.
Unit <button_keyboard> synthesized (advanced).

=========================================================================
Advanced HDL Synthesis Report

Macro Statistics
# ROMs                                                 : 1
 16x16-bit ROM                                         : 1
# Counters                                             : 2
 32-bit up counter                                     : 2
# Registers                                            : 17
 Flip-Flops                                            : 17
# Comparators                                          : 1
 32-bit comparator greatequal                          : 1

=========================================================================

=========================================================================
*                         Low Level Synthesis                           *
=========================================================================
WARNING:Xst:1710 - FF/Latch <frequency_13> (without init value) has a constant value of 0 in block <button_keyboard>. This FF/Latch will be trimmed during the optimization process.
WARNING:Xst:1895 - Due to other FF/Latch trimming, FF/Latch <frequency_14> (without init value) has a constant value of 0 in block <button_keyboard>. This FF/Latch will be trimmed during the optimization process.
WARNING:Xst:1895 - Due to other FF/Latch trimming, FF/Latch <frequency_15> (without init value) has a constant value of 0 in block <button_keyboard>. This FF/Latch will be trimmed during the optimization process.

Optimizing unit <main_schematic> ...

Optimizing unit <button_keyboard> ...

Mapping all equations...
Building and optimizing final netlist ...
Found area constraint ratio of 100 (+ 5) on block main_schematic, actual ratio is 2.

Final Macro Processing ...

=========================================================================
Final Register Report

Macro Statistics
# Registers                                            : 78
 Flip-Flops                                            : 78

=========================================================================

=========================================================================
*                           Partition Report                            *
=========================================================================

Partition Implementation Status
-------------------------------

  No Partitions were found in this design.

-------------------------------

=========================================================================
*                            Final Report                               *
=========================================================================
Final Results
RTL Top Level Output File Name     : main_schematic.ngr
Top Level Output File Name         : main_schematic
Output Format                      : NGC
Optimization Goal                  : Speed
Keep Hierarchy                     : No

Design Statistics
# IOs                              : 17

Cell Usage :
# BELS                             : 308
#      GND                         : 2
#      INV                         : 12
#      LUT1                        : 62
#      LUT2                        : 20
#      LUT3                        : 24
#      LUT3_D                      : 1
#      LUT4                        : 26
#      LUT4_D                      : 3
#      MUXCY                       : 92
#      VCC                         : 2
#      XORCY                       : 64
# FlipFlops/Latches                : 133
#      FD                          : 19
#      FDE                         : 41
#      FDR                         : 38
#      FDRE                        : 32
#      FDRS                        : 1
#      FDRSE                       : 2
# Clock Buffers                    : 1
#      BUFGP                       : 1
# IO Buffers                       : 16
#      IBUF                        : 6
#      OBUF                        : 10
=========================================================================

Device utilization summary:
---------------------------

Selected Device : 3s500efg320-4 

 Number of Slices:                       91  out of   4656     1%  
 Number of Slice Flip Flops:            133  out of   9312     1%  
 Number of 4 input LUTs:                148  out of   9312     1%  
 Number of IOs:                          17
 Number of bonded IOBs:                  17  out of    232     7%  
 Number of GCLKs:                         1  out of     24     4%  

---------------------------
Partition Resource Summary:
---------------------------

  No Partitions were found in this design.

---------------------------


=========================================================================
TIMING REPORT

NOTE: THESE TIMING NUMBERS ARE ONLY A SYNTHESIS ESTIMATE.
      FOR ACCURATE TIMING INFORMATION PLEASE REFER TO THE TRACE REPORT
      GENERATED AFTER PLACE-and-ROUTE.

Clock Information:
------------------
-----------------------------------+------------------------+-------+
Clock Signal                       | Clock buffer(FF name)  | Load  |
-----------------------------------+------------------------+-------+
Clk_50MHz                          | BUFGP                  | 133   |
-----------------------------------+------------------------+-------+

Asynchronous Control Signals Information:
----------------------------------------
No asynchronous control signals found in this design

Timing Summary:
---------------
Speed Grade: -4

   Minimum period: 7.104ns (Maximum Frequency: 140.775MHz)
   Minimum input arrival time before clock: 4.076ns
   Maximum output required time after clock: 5.620ns
   Maximum combinational path delay: 7.147ns

Timing Detail:
--------------
All values displayed in nanoseconds (ns)

=========================================================================
Timing constraint: Default period analysis for Clock 'Clk_50MHz'
  Clock period: 7.104ns (frequency: 140.775MHz)
  Total number of paths / destination ports: 4585 / 248
-------------------------------------------------------------------------
Delay:               7.104ns (Levels of Logic = 23)
  Source:            XLXI_9/frequency_0 (FF)
  Destination:       XLXI_7/startInternal_0 (FF)
  Source Clock:      Clk_50MHz rising
  Destination Clock: Clk_50MHz rising

  Data Path: XLXI_9/frequency_0 to XLXI_7/startInternal_0
                                Gate     Net
    Cell:in->out      fanout   Delay   Delay  Logical Name (Net Name)
    ----------------------------------------  ------------
     FD:C->Q               1   0.591   0.595  XLXI_9/frequency_0 (XLXI_9/frequency_0)
     LUT2:I0->O            1   0.704   0.000  XLXI_7/Mcompar_modCount_cmp_ge0000_lut<0> (XLXI_7/Mcompar_modCount_cmp_ge0000_lut<0>)
     MUXCY:S->O            1   0.464   0.000  XLXI_7/Mcompar_modCount_cmp_ge0000_cy<0> (XLXI_7/Mcompar_modCount_cmp_ge0000_cy<0>)
     MUXCY:CI->O           1   0.059   0.000  XLXI_7/Mcompar_modCount_cmp_ge0000_cy<1> (XLXI_7/Mcompar_modCount_cmp_ge0000_cy<1>)
     MUXCY:CI->O           1   0.059   0.000  XLXI_7/Mcompar_modCount_cmp_ge0000_cy<2> (XLXI_7/Mcompar_modCount_cmp_ge0000_cy<2>)
     MUXCY:CI->O           1   0.059   0.000  XLXI_7/Mcompar_modCount_cmp_ge0000_cy<3> (XLXI_7/Mcompar_modCount_cmp_ge0000_cy<3>)
     MUXCY:CI->O           1   0.059   0.000  XLXI_7/Mcompar_modCount_cmp_ge0000_cy<4> (XLXI_7/Mcompar_modCount_cmp_ge0000_cy<4>)
     MUXCY:CI->O           1   0.059   0.000  XLXI_7/Mcompar_modCount_cmp_ge0000_cy<5> (XLXI_7/Mcompar_modCount_cmp_ge0000_cy<5>)
     MUXCY:CI->O           1   0.059   0.000  XLXI_7/Mcompar_modCount_cmp_ge0000_cy<6> (XLXI_7/Mcompar_modCount_cmp_ge0000_cy<6>)
     MUXCY:CI->O           1   0.059   0.000  XLXI_7/Mcompar_modCount_cmp_ge0000_cy<7> (XLXI_7/Mcompar_modCount_cmp_ge0000_cy<7>)
     MUXCY:CI->O           1   0.059   0.000  XLXI_7/Mcompar_modCount_cmp_ge0000_cy<8> (XLXI_7/Mcompar_modCount_cmp_ge0000_cy<8>)
     MUXCY:CI->O           1   0.059   0.000  XLXI_7/Mcompar_modCount_cmp_ge0000_cy<9> (XLXI_7/Mcompar_modCount_cmp_ge0000_cy<9>)
     MUXCY:CI->O           1   0.059   0.000  XLXI_7/Mcompar_modCount_cmp_ge0000_cy<10> (XLXI_7/Mcompar_modCount_cmp_ge0000_cy<10>)
     MUXCY:CI->O           1   0.059   0.000  XLXI_7/Mcompar_modCount_cmp_ge0000_cy<11> (XLXI_7/Mcompar_modCount_cmp_ge0000_cy<11>)
     MUXCY:CI->O           1   0.059   0.000  XLXI_7/Mcompar_modCount_cmp_ge0000_cy<12> (XLXI_7/Mcompar_modCount_cmp_ge0000_cy<12>)
     MUXCY:CI->O           1   0.059   0.000  XLXI_7/Mcompar_modCount_cmp_ge0000_cy<13> (XLXI_7/Mcompar_modCount_cmp_ge0000_cy<13>)
     MUXCY:CI->O           1   0.059   0.000  XLXI_7/Mcompar_modCount_cmp_ge0000_cy<14> (XLXI_7/Mcompar_modCount_cmp_ge0000_cy<14>)
     MUXCY:CI->O           1   0.059   0.000  XLXI_7/Mcompar_modCount_cmp_ge0000_cy<15> (XLXI_7/Mcompar_modCount_cmp_ge0000_cy<15>)
     MUXCY:CI->O           1   0.059   0.000  XLXI_7/Mcompar_modCount_cmp_ge0000_cy<16> (XLXI_7/Mcompar_modCount_cmp_ge0000_cy<16>)
     MUXCY:CI->O           1   0.059   0.000  XLXI_7/Mcompar_modCount_cmp_ge0000_cy<17> (XLXI_7/Mcompar_modCount_cmp_ge0000_cy<17>)
     MUXCY:CI->O           1   0.059   0.000  XLXI_7/Mcompar_modCount_cmp_ge0000_cy<18> (XLXI_7/Mcompar_modCount_cmp_ge0000_cy<18>)
     MUXCY:CI->O           1   0.059   0.000  XLXI_7/Mcompar_modCount_cmp_ge0000_cy<19> (XLXI_7/Mcompar_modCount_cmp_ge0000_cy<19>)
     MUXCY:CI->O          33   0.331   1.263  XLXI_7/Mcompar_modCount_cmp_ge0000_cy<20> (XLXI_7/modCount_cmp_ge0000)
     INV:I->O              1   0.704   0.420  XLXI_7/startInternal_0_not00011_INV_0 (XLXI_7/startInternal_0_not0001)
     FDR:R                     0.911          XLXI_7/startInternal_0
    ----------------------------------------
    Total                      7.104ns (4.826ns logic, 2.278ns route)
                                       (67.9% logic, 32.1% route)

=========================================================================
Timing constraint: Default OFFSET IN BEFORE for Clock 'Clk_50MHz'
  Total number of paths / destination ports: 60 / 23
-------------------------------------------------------------------------
Offset:              4.076ns (Levels of Logic = 3)
  Source:            RESET (PAD)
  Destination:       XLXI_1/Cnt_0 (FF)
  Destination Clock: Clk_50MHz rising

  Data Path: RESET to XLXI_1/Cnt_0
                                Gate     Net
    Cell:in->out      fanout   Delay   Delay  Logical Name (Net Name)
    ----------------------------------------  ------------
     IBUF:I->O             3   1.218   0.610  RESET_IBUF (RESET_IBUF)
     begin scope: 'XLXI_1'
     LUT2:I1->O            5   0.704   0.633  Cnt_or00001 (Cnt_or0000)
     FDR:R                     0.911          Cnt_0
    ----------------------------------------
    Total                      4.076ns (2.833ns logic, 1.243ns route)
                                       (69.5% logic, 30.5% route)

=========================================================================
Timing constraint: Default OFFSET OUT AFTER for Clock 'Clk_50MHz'
  Total number of paths / destination ports: 3 / 3
-------------------------------------------------------------------------
Offset:              5.620ns (Levels of Logic = 3)
  Source:            XLXI_1/iBusy (FF)
  Destination:       DAC_CS (PAD)
  Source Clock:      Clk_50MHz rising

  Data Path: XLXI_1/iBusy to DAC_CS
                                Gate     Net
    Cell:in->out      fanout   Delay   Delay  Logical Name (Net Name)
    ----------------------------------------  ------------
     FDRSE:C->Q            5   0.591   0.633  iBusy (iBusy)
     INV:I->O              1   0.704   0.420  DAC_CS1_INV_0 (DAC_CS)
     end scope: 'XLXI_1'
     OBUF:I->O                 3.272          DAC_CS_OBUF (DAC_CS)
    ----------------------------------------
    Total                      5.620ns (4.567ns logic, 1.053ns route)
                                       (81.3% logic, 18.7% route)

=========================================================================
Timing constraint: Default path analysis
  Total number of paths / destination ports: 1 / 1
-------------------------------------------------------------------------
Delay:               7.147ns (Levels of Logic = 4)
  Source:            Clk_50MHz (PAD)
  Destination:       SPI_SCK (PAD)

  Data Path: Clk_50MHz to SPI_SCK
                                Gate     Net
    Cell:in->out      fanout   Delay   Delay  Logical Name (Net Name)
    ----------------------------------------  ------------
     BUFGP:I->O          134   1.457   1.294  Clk_50MHz_BUFGP (Clk_50MHz_BUFGP)
     begin scope: 'XLXI_1'
     INV:I->O              1   0.704   0.420  SPI_SCK1_INV_0 (SPI_SCK)
     end scope: 'XLXI_1'
     OBUF:I->O                 3.272          SPI_SCK_OBUF (SPI_SCK)
    ----------------------------------------
    Total                      7.147ns (5.433ns logic, 1.714ns route)
                                       (76.0% logic, 24.0% route)

=========================================================================


Total REAL time to Xst completion: 5.00 secs
Total CPU time to Xst completion: 4.94 secs
 
--> 

Total memory usage is 4516028 kilobytes

Number of errors   :    0 (   0 filtered)
Number of warnings :    5 (   0 filtered)
Number of infos    :    1 (   0 filtered)

