Release 14.7 - xst P.20131013 (nt64)
Copyright (c) 1995-2013 Xilinx, Inc.  All rights reserved.
--> Parameter TMPDIR set to xst/projnav.tmp


Total REAL time to Xst completion: 0.00 secs
Total CPU time to Xst completion: 0.11 secs
 
--> Parameter xsthdpdir set to xst


Total REAL time to Xst completion: 0.00 secs
Total CPU time to Xst completion: 0.11 secs
 
--> Reading design: main_schematic.prj

TABLE OF CONTENTS
  1) Synthesis Options Summary
  2) HDL Compilation
  3) Design Hierarchy Analysis
  4) HDL Analysis
  5) HDL Synthesis
     5.1) HDL Synthesis Report
  6) Advanced HDL Synthesis
     6.1) Advanced HDL Synthesis Report
  7) Low Level Synthesis
  8) Partition Report
  9) Final Report
	9.1) Device utilization summary
	9.2) Partition Resource Summary
	9.3) TIMING REPORT


=========================================================================
*                      Synthesis Options Summary                        *
=========================================================================
---- Source Parameters
Input File Name                    : "main_schematic.prj"
Input Format                       : mixed
Ignore Synthesis Constraint File   : NO

---- Target Parameters
Output File Name                   : "main_schematic"
Output Format                      : NGC
Target Device                      : xc3s500e-4-fg320

---- Source Options
Top Module Name                    : main_schematic
Automatic FSM Extraction           : YES
FSM Encoding Algorithm             : Auto
Safe Implementation                : No
FSM Style                          : LUT
RAM Extraction                     : Yes
RAM Style                          : Auto
ROM Extraction                     : Yes
Mux Style                          : Auto
Decoder Extraction                 : YES
Priority Encoder Extraction        : Yes
Shift Register Extraction          : YES
Logical Shifter Extraction         : YES
XOR Collapsing                     : YES
ROM Style                          : Auto
Mux Extraction                     : Yes
Resource Sharing                   : YES
Asynchronous To Synchronous        : NO
Multiplier Style                   : Auto
Automatic Register Balancing       : No

---- Target Options
Add IO Buffers                     : YES
Global Maximum Fanout              : 100000
Add Generic Clock Buffer(BUFG)     : 24
Register Duplication               : YES
Slice Packing                      : YES
Optimize Instantiated Primitives   : NO
Use Clock Enable                   : Yes
Use Synchronous Set                : Yes
Use Synchronous Reset              : Yes
Pack IO Registers into IOBs        : Auto
Equivalent register Removal        : YES

---- General Options
Optimization Goal                  : Speed
Optimization Effort                : 1
Keep Hierarchy                     : No
Netlist Hierarchy                  : As_Optimized
RTL Output                         : Yes
Global Optimization                : AllClockNets
Read Cores                         : YES
Write Timing Constraints           : NO
Cross Clock Analysis               : NO
Hierarchy Separator                : /
Bus Delimiter                      : <>
Case Specifier                     : Maintain
Slice Utilization Ratio            : 100
BRAM Utilization Ratio             : 100
Verilog 2001                       : YES
Auto BRAM Packing                  : NO
Slice Utilization Ratio Delta      : 5

=========================================================================


=========================================================================
*                          HDL Compilation                              *
=========================================================================
Compiling vhdl file "C:/Users/wojci/Downloads/xilinx-3e-music-memo-rs232/frequency_generator.vhd" in Library work.
Architecture behavioral of Entity frequency_generator is up to date.
Compiling vhdl file "C:/Users/wojci/Downloads/xilinx-3e-music-memo-rs232/rs232_keyboard_to_frequency.vhd" in Library work.
Entity <rs232_keyboard_to_frequency> compiled.
Entity <rs232_keyboard_to_frequency> (Architecture <behavioral>) compiled.
Compiling vhdl file "C:/Users/wojci/Downloads/xilinx-3e-music-memo-rs232/main_schematic.vhf" in Library work.
Architecture behavioral of Entity main_schematic is up to date.

=========================================================================
*                     Design Hierarchy Analysis                         *
=========================================================================
Analyzing hierarchy for entity <main_schematic> in library <work> (architecture <behavioral>).

Analyzing hierarchy for entity <frequency_generator> in library <work> (architecture <behavioral>).

Analyzing hierarchy for entity <rs232_keyboard_to_frequency> in library <work> (architecture <behavioral>).


=========================================================================
*                            HDL Analysis                               *
=========================================================================
Analyzing Entity <main_schematic> in library <work> (Architecture <behavioral>).
WARNING:Xst:2211 - "C:/Users/wojci/Downloads/xilinx-3e-music-memo-rs232/main_schematic.vhf" line 106: Instantiating black box module <DACWrite>.
WARNING:Xst:753 - "C:/Users/wojci/Downloads/xilinx-3e-music-memo-rs232/main_schematic.vhf" line 133: Unconnected output port 'E0' of component 'PS2_Kbd'.
WARNING:Xst:2211 - "C:/Users/wojci/Downloads/xilinx-3e-music-memo-rs232/main_schematic.vhf" line 133: Instantiating black box module <PS2_Kbd>.
Entity <main_schematic> analyzed. Unit <main_schematic> generated.

Analyzing Entity <frequency_generator> in library <work> (Architecture <behavioral>).
Entity <frequency_generator> analyzed. Unit <frequency_generator> generated.

Analyzing Entity <rs232_keyboard_to_frequency> in library <work> (Architecture <behavioral>).
INFO:Xst:1432 - Contents of array <notes> may be accessed with a negative index, causing simulation mismatch.
INFO:Xst:1433 - Contents of array <notes> may be accessed with an index that exceeds the array size. This could cause simulation mismatch.
INFO:Xst:1432 - Contents of array <notes> may be accessed with a negative index, causing simulation mismatch.
INFO:Xst:1433 - Contents of array <notes> may be accessed with an index that exceeds the array size. This could cause simulation mismatch.
Entity <rs232_keyboard_to_frequency> analyzed. Unit <rs232_keyboard_to_frequency> generated.


=========================================================================
*                           HDL Synthesis                               *
=========================================================================

Performing bidirectional port resolution...
INFO:Xst:2679 - Register <notes<0>> in unit <rs232_keyboard_to_frequency> has a constant value of 0001011101010100 during circuit operation. The register is replaced by logic.
INFO:Xst:2679 - Register <notes<1>> in unit <rs232_keyboard_to_frequency> has a constant value of 0001001110011110 during circuit operation. The register is replaced by logic.
INFO:Xst:2679 - Register <notes<2>> in unit <rs232_keyboard_to_frequency> has a constant value of 0001011101010100 during circuit operation. The register is replaced by logic.
INFO:Xst:2679 - Register <notes<3>> in unit <rs232_keyboard_to_frequency> has a constant value of 0001001110011110 during circuit operation. The register is replaced by logic.
INFO:Xst:2679 - Register <notes<4>> in unit <rs232_keyboard_to_frequency> has a constant value of 0001011101010100 during circuit operation. The register is replaced by logic.

Synthesizing Unit <frequency_generator>.
    Related source file is "C:/Users/wojci/Downloads/xilinx-3e-music-memo-rs232/frequency_generator.vhd".
WARNING:Xst:647 - Input <reset> is never used. This port will be preserved and left unconnected if it belongs to a top-level block or it belongs to a sub-block and the hierarchy of this sub-block is preserved.
    Register <updateStart> equivalent to <startInternal<0>> has been removed
WARNING:Xst:643 - "C:/Users/wojci/Downloads/xilinx-3e-music-memo-rs232/frequency_generator.vhd" line 76: The result of a 32x8-bit multiplication is partially used. Only the 12 least significant bits are used. If you are doing this on purpose, you may safely ignore this warning. Otherwise, make sure you are not losing information, leading to unexpected circuit behavior.
    Found 32-bit up counter for signal <count>.
    Found 32-bit up counter for signal <modCount>.
    Found 32-bit comparator greatequal for signal <modCount$cmp_ge0000> created at line 52.
    Found 32x8-bit multiplier for signal <saw$mult0001> created at line 76.
    Found 1-bit register for signal <startInternal<0>>.
    Summary:
	inferred   2 Counter(s).
	inferred   1 D-type flip-flop(s).
	inferred   1 Multiplier(s).
	inferred   1 Comparator(s).
Unit <frequency_generator> synthesized.


Synthesizing Unit <rs232_keyboard_to_frequency>.
    Related source file is "C:/Users/wojci/Downloads/xilinx-3e-music-memo-rs232/rs232_keyboard_to_frequency.vhd".
WARNING:Xst:1780 - Signal <outputNote> is never used or assigned. This unconnected signal will be trimmed during the optimization process.
WARNING:Xst:653 - Signal <notesCount> is used but never assigned. This sourceless signal will be automatically connected to value 00000000000000000000000000000101.
    Using one-hot encoding for signal <state>.
    Found 5x16-bit ROM for signal <$varindex0000> created at line 125.
    Found 5x16-bit ROM for signal <$varindex0001> created at line 256.
    Found 31-bit up counter for signal <counter>.
    Found 16-bit register for signal <inputNote>.
    Found 32-bit up counter for signal <inputNoteIndex>.
    Found 1-bit register for signal <mode>.
    Found 10-bit register for signal <nextState>.
    Found 32-bit subtractor for signal <nextState$addsub0000> created at line 117.
    Found 32-bit comparator equal for signal <nextState$cmp_eq0001> created at line 117.
    Found 32-bit comparator equal for signal <nextState$cmp_eq0002> created at line 119.
    Found 16-bit comparator equal for signal <nextState$cmp_eq0003> created at line 125.
    Found 16-bit comparator greater for signal <nextState$cmp_gt0000> created at line 115.
    Found 32-bit comparator less for signal <nextState$cmp_lt0000> created at line 104.
    Found 32-bit comparator less for signal <nextState$cmp_lt0001> created at line 114.
    Found 32-bit up counter for signal <noteIndex>.
    Found 32-bit up counter for signal <playedNoteIndex>.
    Found 10-bit register for signal <state>.
    Found 1-bit register for signal <timeout>.
    Found 31-bit comparator less for signal <timeout$cmp_lt0000> created at line 199.
    Summary:
	inferred   2 ROM(s).
	inferred   4 Counter(s).
	inferred  38 D-type flip-flop(s).
	inferred   1 Adder/Subtractor(s).
	inferred   7 Comparator(s).
Unit <rs232_keyboard_to_frequency> synthesized.


Synthesizing Unit <main_schematic>.
    Related source file is "C:/Users/wojci/Downloads/xilinx-3e-music-memo-rs232/main_schematic.vhf".
Unit <main_schematic> synthesized.


=========================================================================
HDL Synthesis Report

Macro Statistics
# ROMs                                                 : 2
 5x16-bit ROM                                          : 2
# Multipliers                                          : 1
 32x8-bit multiplier                                   : 1
# Adders/Subtractors                                   : 1
 32-bit subtractor                                     : 1
# Counters                                             : 6
 31-bit up counter                                     : 1
 32-bit up counter                                     : 5
# Registers                                            : 6
 1-bit register                                        : 3
 10-bit register                                       : 2
 16-bit register                                       : 1
# Comparators                                          : 8
 16-bit comparator equal                               : 1
 16-bit comparator greater                             : 1
 31-bit comparator less                                : 1
 32-bit comparator equal                               : 2
 32-bit comparator greatequal                          : 1
 32-bit comparator less                                : 2

=========================================================================

=========================================================================
*                       Advanced HDL Synthesis                          *
=========================================================================

Reading core <DACWrite.ngc>.
Reading core <PS2_Kbd.ngc>.
Loading core <DACWrite> for timing and area information for instance <XLXI_1>.
Loading core <PS2_Kbd> for timing and area information for instance <XLXI_20>.
INFO:Xst:2261 - The FF/Latch <inputNote_13> in Unit <XLXI_21> is equivalent to the following 2 FFs/Latches, which will be removed : <inputNote_14> <inputNote_15> 
WARNING:Xst:1293 - FF/Latch <inputNote_13> has a constant value of 0 in block <XLXI_21>. This FF/Latch will be trimmed during the optimization process.

=========================================================================
Advanced HDL Synthesis Report

Macro Statistics
# ROMs                                                 : 2
 5x16-bit ROM                                          : 2
# Multipliers                                          : 1
 32x8-bit multiplier                                   : 1
# Adders/Subtractors                                   : 1
 32-bit subtractor                                     : 1
# Counters                                             : 6
 31-bit up counter                                     : 1
 32-bit up counter                                     : 5
# Registers                                            : 39
 Flip-Flops                                            : 39
# Comparators                                          : 8
 16-bit comparator equal                               : 1
 16-bit comparator greater                             : 1
 31-bit comparator less                                : 1
 32-bit comparator equal                               : 2
 32-bit comparator greatequal                          : 1
 32-bit comparator less                                : 2

=========================================================================

=========================================================================
*                         Low Level Synthesis                           *
=========================================================================
WARNING:Xst:1293 - FF/Latch <inputNote_13> has a constant value of 0 in block <rs232_keyboard_to_frequency>. This FF/Latch will be trimmed during the optimization process.
WARNING:Xst:1896 - Due to other FF/Latch trimming, FF/Latch <inputNote_14> has a constant value of 0 in block <rs232_keyboard_to_frequency>. This FF/Latch will be trimmed during the optimization process.
WARNING:Xst:1896 - Due to other FF/Latch trimming, FF/Latch <inputNote_15> has a constant value of 0 in block <rs232_keyboard_to_frequency>. This FF/Latch will be trimmed during the optimization process.
WARNING:Xst:2677 - Node <Mmult_saw_mult00011> of sequential type is unconnected in block <frequency_generator>.

Optimizing unit <main_schematic> ...

Optimizing unit <frequency_generator> ...

Optimizing unit <rs232_keyboard_to_frequency> ...

Mapping all equations...
Building and optimizing final netlist ...
Found area constraint ratio of 100 (+ 5) on block main_schematic, actual ratio is 7.

Final Macro Processing ...

=========================================================================
Final Register Report

Macro Statistics
# Registers                                            : 227
 Flip-Flops                                            : 227

=========================================================================

=========================================================================
*                           Partition Report                            *
=========================================================================

Partition Implementation Status
-------------------------------

  No Partitions were found in this design.

-------------------------------

=========================================================================
*                            Final Report                               *
=========================================================================
Final Results
RTL Top Level Output File Name     : main_schematic.ngr
Top Level Output File Name         : main_schematic
Output Format                      : NGC
Optimization Goal                  : Speed
Keep Hierarchy                     : No

Design Statistics
# IOs                              : 15

Cell Usage :
# BELS                             : 1072
#      GND                         : 3
#      INV                         : 28
#      LUT1                        : 196
#      LUT2                        : 89
#      LUT2_D                      : 4
#      LUT2_L                      : 2
#      LUT3                        : 51
#      LUT3_D                      : 8
#      LUT3_L                      : 8
#      LUT4                        : 130
#      LUT4_D                      : 10
#      LUT4_L                      : 8
#      MUXCY                       : 332
#      MUXF5                       : 1
#      VCC                         : 3
#      XORCY                       : 199
# FlipFlops/Latches                : 319
#      FD                          : 31
#      FDE                         : 71
#      FDR                         : 72
#      FDRE                        : 137
#      FDRS                        : 5
#      FDRSE                       : 2
#      FDS                         : 1
# Clock Buffers                    : 1
#      BUFGP                       : 1
# IO Buffers                       : 14
#      IBUF                        : 4
#      OBUF                        : 10
# MULTs                            : 1
#      MULT18X18SIO                : 1
=========================================================================

Device utilization summary:
---------------------------

Selected Device : 3s500efg320-4 

 Number of Slices:                      307  out of   4656     6%  
 Number of Slice Flip Flops:            319  out of   9312     3%  
 Number of 4 input LUTs:                534  out of   9312     5%  
 Number of IOs:                          15
 Number of bonded IOBs:                  15  out of    232     6%  
 Number of MULT18X18SIOs:                 1  out of     20     5%  
 Number of GCLKs:                         1  out of     24     4%  

---------------------------
Partition Resource Summary:
---------------------------

  No Partitions were found in this design.

---------------------------


=========================================================================
TIMING REPORT

NOTE: THESE TIMING NUMBERS ARE ONLY A SYNTHESIS ESTIMATE.
      FOR ACCURATE TIMING INFORMATION PLEASE REFER TO THE TRACE REPORT
      GENERATED AFTER PLACE-and-ROUTE.

Clock Information:
------------------
-----------------------------------+------------------------+-------+
Clock Signal                       | Clock buffer(FF name)  | Load  |
-----------------------------------+------------------------+-------+
Clk_50MHz                          | BUFGP                  | 319   |
-----------------------------------+------------------------+-------+

Asynchronous Control Signals Information:
----------------------------------------
No asynchronous control signals found in this design

Timing Summary:
---------------
Speed Grade: -4

   Minimum period: 9.170ns (Maximum Frequency: 109.057MHz)
   Minimum input arrival time before clock: 4.076ns
   Maximum output required time after clock: 5.620ns
   Maximum combinational path delay: 7.206ns

Timing Detail:
--------------
All values displayed in nanoseconds (ns)

=========================================================================
Timing constraint: Default period analysis for Clock 'Clk_50MHz'
  Clock period: 9.170ns (frequency: 109.057MHz)
  Total number of paths / destination ports: 15214 / 737
-------------------------------------------------------------------------
Delay:               9.170ns (Levels of Logic = 23)
  Source:            XLXI_21/state_9 (FF)
  Destination:       XLXI_7/startInternal_0 (FF)
  Source Clock:      Clk_50MHz rising
  Destination Clock: Clk_50MHz rising

  Data Path: XLXI_21/state_9 to XLXI_7/startInternal_0
                                Gate     Net
    Cell:in->out      fanout   Delay   Delay  Logical Name (Net Name)
    ----------------------------------------  ------------
     FD:C->Q              15   0.591   1.192  XLXI_21/state_9 (XLXI_21/state_9)
     LUT2_D:I0->O          9   0.704   0.824  XLXI_21/frequencyModCount<10>11 (XLXI_21/N3)
     LUT4:I3->O            1   0.704   0.000  XLXI_7/Mcompar_modCount_cmp_ge0000_lut<1> (XLXI_7/Mcompar_modCount_cmp_ge0000_lut<1>)
     MUXCY:S->O            1   0.464   0.000  XLXI_7/Mcompar_modCount_cmp_ge0000_cy<1> (XLXI_7/Mcompar_modCount_cmp_ge0000_cy<1>)
     MUXCY:CI->O           1   0.059   0.000  XLXI_7/Mcompar_modCount_cmp_ge0000_cy<2> (XLXI_7/Mcompar_modCount_cmp_ge0000_cy<2>)
     MUXCY:CI->O           1   0.059   0.000  XLXI_7/Mcompar_modCount_cmp_ge0000_cy<3> (XLXI_7/Mcompar_modCount_cmp_ge0000_cy<3>)
     MUXCY:CI->O           1   0.059   0.000  XLXI_7/Mcompar_modCount_cmp_ge0000_cy<4> (XLXI_7/Mcompar_modCount_cmp_ge0000_cy<4>)
     MUXCY:CI->O           1   0.059   0.000  XLXI_7/Mcompar_modCount_cmp_ge0000_cy<5> (XLXI_7/Mcompar_modCount_cmp_ge0000_cy<5>)
     MUXCY:CI->O           1   0.059   0.000  XLXI_7/Mcompar_modCount_cmp_ge0000_cy<6> (XLXI_7/Mcompar_modCount_cmp_ge0000_cy<6>)
     MUXCY:CI->O           1   0.059   0.000  XLXI_7/Mcompar_modCount_cmp_ge0000_cy<7> (XLXI_7/Mcompar_modCount_cmp_ge0000_cy<7>)
     MUXCY:CI->O           1   0.059   0.000  XLXI_7/Mcompar_modCount_cmp_ge0000_cy<8> (XLXI_7/Mcompar_modCount_cmp_ge0000_cy<8>)
     MUXCY:CI->O           1   0.059   0.000  XLXI_7/Mcompar_modCount_cmp_ge0000_cy<9> (XLXI_7/Mcompar_modCount_cmp_ge0000_cy<9>)
     MUXCY:CI->O           1   0.059   0.000  XLXI_7/Mcompar_modCount_cmp_ge0000_cy<10> (XLXI_7/Mcompar_modCount_cmp_ge0000_cy<10>)
     MUXCY:CI->O           1   0.059   0.000  XLXI_7/Mcompar_modCount_cmp_ge0000_cy<11> (XLXI_7/Mcompar_modCount_cmp_ge0000_cy<11>)
     MUXCY:CI->O           1   0.059   0.000  XLXI_7/Mcompar_modCount_cmp_ge0000_cy<12> (XLXI_7/Mcompar_modCount_cmp_ge0000_cy<12>)
     MUXCY:CI->O           1   0.059   0.000  XLXI_7/Mcompar_modCount_cmp_ge0000_cy<13> (XLXI_7/Mcompar_modCount_cmp_ge0000_cy<13>)
     MUXCY:CI->O           1   0.059   0.000  XLXI_7/Mcompar_modCount_cmp_ge0000_cy<14> (XLXI_7/Mcompar_modCount_cmp_ge0000_cy<14>)
     MUXCY:CI->O           1   0.059   0.000  XLXI_7/Mcompar_modCount_cmp_ge0000_cy<15> (XLXI_7/Mcompar_modCount_cmp_ge0000_cy<15>)
     MUXCY:CI->O           1   0.059   0.000  XLXI_7/Mcompar_modCount_cmp_ge0000_cy<16> (XLXI_7/Mcompar_modCount_cmp_ge0000_cy<16>)
     MUXCY:CI->O           1   0.059   0.000  XLXI_7/Mcompar_modCount_cmp_ge0000_cy<17> (XLXI_7/Mcompar_modCount_cmp_ge0000_cy<17>)
     MUXCY:CI->O           1   0.059   0.000  XLXI_7/Mcompar_modCount_cmp_ge0000_cy<18> (XLXI_7/Mcompar_modCount_cmp_ge0000_cy<18>)
     MUXCY:CI->O           1   0.059   0.000  XLXI_7/Mcompar_modCount_cmp_ge0000_cy<19> (XLXI_7/Mcompar_modCount_cmp_ge0000_cy<19>)
     MUXCY:CI->O          33   0.331   1.263  XLXI_7/Mcompar_modCount_cmp_ge0000_cy<20> (XLXI_7/modCount_cmp_ge0000)
     INV:I->O              1   0.704   0.420  XLXI_7/startInternal_0_not00011_INV_0 (XLXI_7/startInternal_0_not0001)
     FDR:R                     0.911          XLXI_7/startInternal_0
    ----------------------------------------
    Total                      9.170ns (5.471ns logic, 3.699ns route)
                                       (59.7% logic, 40.3% route)

=========================================================================
Timing constraint: Default OFFSET IN BEFORE for Clock 'Clk_50MHz'
  Total number of paths / destination ports: 11 / 11
-------------------------------------------------------------------------
Offset:              4.076ns (Levels of Logic = 3)
  Source:            RESET (PAD)
  Destination:       XLXI_1/Cnt_0 (FF)
  Destination Clock: Clk_50MHz rising

  Data Path: RESET to XLXI_1/Cnt_0
                                Gate     Net
    Cell:in->out      fanout   Delay   Delay  Logical Name (Net Name)
    ----------------------------------------  ------------
     IBUF:I->O             3   1.218   0.610  RESET_IBUF (RESET_IBUF)
     begin scope: 'XLXI_1'
     LUT2:I1->O            5   0.704   0.633  Cnt_or00001 (Cnt_or0000)
     FDR:R                     0.911          Cnt_0
    ----------------------------------------
    Total                      4.076ns (2.833ns logic, 1.243ns route)
                                       (69.5% logic, 30.5% route)

=========================================================================
Timing constraint: Default OFFSET OUT AFTER for Clock 'Clk_50MHz'
  Total number of paths / destination ports: 3 / 3
-------------------------------------------------------------------------
Offset:              5.620ns (Levels of Logic = 3)
  Source:            XLXI_1/iBusy (FF)
  Destination:       DAC_CS (PAD)
  Source Clock:      Clk_50MHz rising

  Data Path: XLXI_1/iBusy to DAC_CS
                                Gate     Net
    Cell:in->out      fanout   Delay   Delay  Logical Name (Net Name)
    ----------------------------------------  ------------
     FDRSE:C->Q            5   0.591   0.633  iBusy (iBusy)
     INV:I->O              1   0.704   0.420  DAC_CS1_INV_0 (DAC_CS)
     end scope: 'XLXI_1'
     OBUF:I->O                 3.272          DAC_CS_OBUF (DAC_CS)
    ----------------------------------------
    Total                      5.620ns (4.567ns logic, 1.053ns route)
                                       (81.3% logic, 18.7% route)

=========================================================================
Timing constraint: Default path analysis
  Total number of paths / destination ports: 1 / 1
-------------------------------------------------------------------------
Delay:               7.206ns (Levels of Logic = 4)
  Source:            Clk_50MHz (PAD)
  Destination:       SPI_SCK (PAD)

  Data Path: Clk_50MHz to SPI_SCK
                                Gate     Net
    Cell:in->out      fanout   Delay   Delay  Logical Name (Net Name)
    ----------------------------------------  ------------
     BUFGP:I->O          320   1.457   1.353  Clk_50MHz_BUFGP (Clk_50MHz_BUFGP)
     begin scope: 'XLXI_1'
     INV:I->O              1   0.704   0.420  SPI_SCK1_INV_0 (SPI_SCK)
     end scope: 'XLXI_1'
     OBUF:I->O                 3.272          SPI_SCK_OBUF (SPI_SCK)
    ----------------------------------------
    Total                      7.206ns (5.433ns logic, 1.773ns route)
                                       (75.4% logic, 24.6% route)

=========================================================================


Total REAL time to Xst completion: 7.00 secs
Total CPU time to Xst completion: 7.27 secs
 
--> 

Total memory usage is 4532240 kilobytes

Number of errors   :    0 (   0 filtered)
Number of warnings :   12 (   0 filtered)
Number of infos    :   10 (   0 filtered)

