AR rs232_keyboard_to_frequency behavioral C:/Users/lab/Desktop/xilinx-3e-music-memo-rs232/rs232_keyboard_to_frequency.vhd sub00/vhpl07 1714027282
EN button_keyboard NULL C:/Users/wojci/xilinx-3e-music-memo/xilinx-3e-music-memo/button_keyboard.vhd sub00/vhpl04 1713990341
EN rs232_keyboard_to_frequency NULL C:/Users/lab/Desktop/xilinx-3e-music-memo-rs232/rs232_keyboard_to_frequency.vhd sub00/vhpl06 1714027281
AR button_keyboard behavioral C:/Users/wojci/xilinx-3e-music-memo/xilinx-3e-music-memo/button_keyboard.vhd sub00/vhpl05 1713990342
EN main_schematic NULL C:/Users/lab/Desktop/xilinx-3e-music-memo-rs232/main_schematic.vhf sub00/vhpl02 1714027283
EN frequency_generator NULL C:/Users/lab/Desktop/xilinx-3e-music-memo-rs232/frequency_generator.vhd sub00/vhpl00 1714027279
AR main_schematic behavioral C:/Users/lab/Desktop/xilinx-3e-music-memo-rs232/main_schematic.vhf sub00/vhpl03 1714027284
AR frequency_generator behavioral C:/Users/lab/Desktop/xilinx-3e-music-memo-rs232/frequency_generator.vhd sub00/vhpl01 1714027280
